// Jest Snapshot v1, https://goo.gl/fbAQLP

exports[`PasswordInput 스냅샷 테스트 1`] = `
<DocumentFragment>
  <input
    class="border-none rounded-md p-2 w-full mt-4"
    placeholder="Password"
    type="password"
  />
</DocumentFragment>
`;
